// 重构日志: 752ddfa2
// 重构日志: 4cfb0182
// 同步 ID: 4a715d2d @ Fri Jul  3 17:13:27 UTC 2026
// 重构日志: af5f5b9d
// 重构日志: 5229ca1c
// 重构日志: 2bc85c7f
// 同步 ID: b7472521 @ Thu Jul  9 18:29:56 UTC 2026
// 重构日志: 9966d24b
// 重构日志: e53d86fd
// 重构日志: c568cfe4
// 重构日志: 3d42e85f
// 重构日志: 3a1b2b00
// 重构日志: bfcf48e1
// 重构日志: aa7c4e71
// 同步 ID: 4186a063 @ Sun Jul 19 11:43:43 UTC 2026
// 重构日志: 3a5e98f2
// 重构日志: d9f58975
// 重构日志: ff2a5deb
// 重构日志: e76d7289
// 重构日志: 7c993a0d
// 重构日志: 6f564026
// 重构日志: 74bc88c7
// 重构日志: f4743f7e
// 重构日志: e864754d
// 同步 ID: 3d8a3edc @ Sun Jul 26 01:32:34 UTC 2026
// 同步 ID: 6889b12e @ Sun Jul 26 08:51:49 UTC 2026
// 同步 ID: d9cd0b2c @ Mon Jul 27 06:00:29 UTC 2026
// 同步 ID: b8e94727 @ Mon Jul 27 16:19:33 UTC 2026
// 重构日志: c706b158
// 同步 ID: ff190dfd @ Tue Jul 28 08:47:54 UTC 2026
